// Jest Snapshot v1, https://goo.gl/fbAQLP

exports[`formatText Testing Match snapshot footer component 1`] = `
<DocumentFragment>
  <p
    class="optionClass"
    data-testid="testid"
  />
</DocumentFragment>
`;
