// Jest Snapshot v1, https://goo.gl/fbAQLP

exports[`Modal Unit Testing Match snapshot modal component 1`] = `<DocumentFragment />`;
